NAMESPACE            NAME                                             READY   STATUS    RESTARTS       AGE
kube-system          pod/coredns-668d6bf9bc-l5xs4                     1/1     Running   3 (145m ago)   24h
kube-system          pod/coredns-668d6bf9bc-xlnpq                     1/1     Running   3 (145m ago)   24h
kube-system          pod/etcd-kind-control-plane                      1/1     Running   0              145m
kube-system          pod/kindnet-92zhc                                1/1     Running   3 (145m ago)   24h
kube-system          pod/kindnet-9prj9                                1/1     Running   3 (145m ago)   24h
kube-system          pod/kindnet-dkhxm                                1/1     Running   3 (145m ago)   24h
kube-system          pod/kindnet-n2zsj                                1/1     Running   3 (145m ago)   24h
kube-system          pod/kindnet-nnkql                                1/1     Running   3 (145m ago)   24h
kube-system          pod/kindnet-sv8nt                                1/1     Running   3 (145m ago)   24h
kube-system          pod/kindnet-zg27f                                1/1     Running   3 (145m ago)   24h
kube-system          pod/kube-apiserver-kind-control-plane            1/1     Running   0              145m
kube-system          pod/kube-controller-manager-kind-control-plane   1/1     Running   3 (145m ago)   24h
kube-system          pod/kube-proxy-4424x                             1/1     Running   3 (145m ago)   24h
kube-system          pod/kube-proxy-8d97l                             1/1     Running   3 (145m ago)   24h
kube-system          pod/kube-proxy-ghngd                             1/1     Running   3 (145m ago)   24h
kube-system          pod/kube-proxy-l796l                             1/1     Running   3 (145m ago)   24h
kube-system          pod/kube-proxy-lgc9g                             1/1     Running   3 (145m ago)   24h
kube-system          pod/kube-proxy-nb66j                             1/1     Running   3 (145m ago)   24h
kube-system          pod/kube-proxy-ppgcw                             1/1     Running   3 (145m ago)   24h
kube-system          pod/kube-scheduler-kind-control-plane            1/1     Running   3 (145m ago)   24h
local-path-storage   pod/local-path-provisioner-7dc846544d-lfs8s      1/1     Running   5 (144m ago)   24h
mysql                pod/mysql-0                                      1/1     Running   0              54m
mysql                pod/mysql-1                                      1/1     Running   0              54m
todoapp              pod/todoapp-d7566856-jpgkg                       1/1     Running   23 (11m ago)   100m
todoapp              pod/todoapp-d7566856-qc4qp                       1/1     Running   23 (10m ago)   100m

NAMESPACE     NAME                       TYPE        CLUSTER-IP      EXTERNAL-IP   PORT(S)                  AGE
default       service/kubernetes         ClusterIP   10.96.0.1       <none>        443/TCP                  24h
kube-system   service/kube-dns           ClusterIP   10.96.0.10      <none>        53/UDP,53/TCP,9153/TCP   24h
mysql         service/mysql              ClusterIP   None            <none>        3306/TCP                 5h49m
todoapp       service/todoapp-nodeport   NodePort    10.96.211.237   <none>        80:30007/TCP             23h
todoapp       service/todoapp-service    ClusterIP   10.96.25.195    <none>        80/TCP                   23h

NAMESPACE     NAME                        DESIRED   CURRENT   READY   UP-TO-DATE   AVAILABLE   NODE SELECTOR            AGE
kube-system   daemonset.apps/kindnet      7         7         7       7            7           kubernetes.io/os=linux   24h
kube-system   daemonset.apps/kube-proxy   7         7         7       7            7           kubernetes.io/os=linux   24h

NAMESPACE            NAME                                     READY   UP-TO-DATE   AVAILABLE   AGE
kube-system          deployment.apps/coredns                  2/2     2            2           24h
local-path-storage   deployment.apps/local-path-provisioner   1/1     1            1           24h
todoapp              deployment.apps/todoapp                  2/2     2            2           23h

NAMESPACE            NAME                                                DESIRED   CURRENT   READY   AGE
kube-system          replicaset.apps/coredns-668d6bf9bc                  2         2         2       24h
local-path-storage   replicaset.apps/local-path-provisioner-7dc846544d   1         1         1       24h
todoapp              replicaset.apps/todoapp-5f44fcb474                  0         0         0       23h
todoapp              replicaset.apps/todoapp-5f48d89c68                  0         0         0       9h
todoapp              replicaset.apps/todoapp-665944d878                  0         0         0       141m
todoapp              replicaset.apps/todoapp-6dc96b56b4                  0         0         0       6h42m
todoapp              replicaset.apps/todoapp-d7566856                    2         2         2       122m

NAMESPACE   NAME                     READY   AGE
mysql       statefulset.apps/mysql   2/2     5h49m

NAMESPACE   NAME                                          REFERENCE            TARGETS                                     MINPODS   MAXPODS   REPLICAS   AGE
todoapp     horizontalpodautoscaler.autoscaling/todoapp   Deployment/todoapp   cpu: <unknown>/70%, memory: <unknown>/70%   2         5         2          23h

NAMESPACE            NAME                                                             DATA   AGE
default              configmap/kube-root-ca.crt                                       1      24h
kube-node-lease      configmap/kube-root-ca.crt                                       1      24h
kube-public          configmap/cluster-info                                           1      24h
kube-public          configmap/kube-root-ca.crt                                       1      24h
kube-system          configmap/coredns                                                1      24h
kube-system          configmap/extension-apiserver-authentication                     6      24h
kube-system          configmap/kube-apiserver-legacy-service-account-token-tracking   1      24h
kube-system          configmap/kube-proxy                                             2      24h
kube-system          configmap/kube-root-ca.crt                                       1      24h
kube-system          configmap/kubeadm-config                                         1      24h
kube-system          configmap/kubelet-config                                         1      24h
local-path-storage   configmap/kube-root-ca.crt                                       1      24h
local-path-storage   configmap/local-path-config                                      4      24h
mysql                configmap/kube-root-ca.crt                                       1      5h49m
mysql                configmap/mysql-config-map                                       1      54m
todoapp              configmap/kube-root-ca.crt                                       1      23h
todoapp              configmap/todoapp-config                                         1      9h

NAMESPACE   NAME                                            TYPE                 DATA   AGE
default     secret/sh.helm.release.v1.todoapp-release.v21   helm.sh/release.v1   1      4h13m
default     secret/sh.helm.release.v1.todoapp-release.v22   helm.sh/release.v1   1      141m
default     secret/sh.helm.release.v1.todoapp-release.v23   helm.sh/release.v1   1      137m
default     secret/sh.helm.release.v1.todoapp-release.v24   helm.sh/release.v1   1      127m
default     secret/sh.helm.release.v1.todoapp-release.v25   helm.sh/release.v1   1      122m
default     secret/sh.helm.release.v1.todoapp-release.v26   helm.sh/release.v1   1      107m
default     secret/sh.helm.release.v1.todoapp-release.v27   helm.sh/release.v1   1      84m
default     secret/sh.helm.release.v1.todoapp-release.v28   helm.sh/release.v1   1      59m
default     secret/sh.helm.release.v1.todoapp-release.v29   helm.sh/release.v1   1      54m
default     secret/sh.helm.release.v1.todoapp-release.v30   helm.sh/release.v1   1      8m43s
mysql       secret/mysql-secrets                            Opaque               3      5h49m
todoapp     secret/todoapp-secret                           Opaque               5      4h13m

NAMESPACE   NAME                                        CLASS    HOSTS   ADDRESS   PORTS   AGE
todoapp     ingress.networking.k8s.io/todoapp-ingress   <none>   *                 80      23h